
*** Running vivado
    with args -log design_1_canny_ip_0_1.vds -m64 -product Vivado -mode batch -messageDb vivado.pb -notrace -source design_1_canny_ip_0_1.tcl



****** Vivado v2025.2 (64-bit)
  **** SW Build 6299465 on Fri Nov 14 19:35:11 GMT 2025
  **** IP Build 6300035 on Fri Nov 14 10:48:45 MST 2025
  **** SharedData Build 6298862 on Thu Nov 13 04:50:51 MST 2025
  **** Start of session at: Sat May  2 10:13:49 2026
    ** Copyright 1986-2022 Xilinx, Inc. All Rights Reserved.
    ** Copyright 2022-2025 Advanced Micro Devices, Inc. All Rights Reserved.

source design_1_canny_ip_0_1.tcl -notrace
create_project: Time (s): cpu = 00:00:07 ; elapsed = 00:00:08 . Memory (MB): peak = 578.254 ; gain = 219.328
INFO: [IP_Flow 19-234] Refreshing IP repositories
INFO: [IP_Flow 19-1700] Loaded user IP repository 'd:/workshop_vivado/video/vivado-library-master'.
INFO: [IP_Flow 19-2313] Loaded Vivado IP repository 'D:/vitis/2025.2/Vivado/data/ip'.
update_ip_catalog: Time (s): cpu = 00:00:01 ; elapsed = 00:00:06 . Memory (MB): peak = 590.480 ; gain = 12.227
Command: synth_design -top design_1_canny_ip_0_1 -part xc7z020clg400-1 -incremental_mode off -mode out_of_context
Starting synth_design
Attempting to get a license for feature 'Synthesis' and/or device 'xc7z020'
INFO: [Common 17-349] Got license for feature 'Synthesis' and/or device 'xc7z020'
INFO: [Device 21-403] Loading part xc7z020clg400-1
INFO: [Synth 8-7079] Multithreading enabled for synth_design using a maximum of 2 processes.
INFO: [Synth 8-7078] Launching helper process for spawning children vivado processes
INFO: [Synth 8-7075] Helper process launched with PID 16228
---------------------------------------------------------------------------------
Starting RTL Elaboration : Time (s): cpu = 00:00:04 ; elapsed = 00:00:05 . Memory (MB): peak = 1385.957 ; gain = 541.516
---------------------------------------------------------------------------------
WARNING: [Synth 8-11065] parameter 'HIGH' becomes localparam in 'canny_ip' with formal parameter declaration list [D:/workshop_vivado/final_embedded/canny_ip.v:194]
WARNING: [Synth 8-11065] parameter 'LOW' becomes localparam in 'canny_ip' with formal parameter declaration list [D:/workshop_vivado/final_embedded/canny_ip.v:195]
INFO: [Synth 8-6157] synthesizing module 'design_1_canny_ip_0_1' [d:/workshop_vivado/final_embedded/design_1/ip/design_1_canny_ip_0_1/synth/design_1_canny_ip_0_1.v:53]
INFO: [Synth 8-6157] synthesizing module 'canny_ip' [D:/workshop_vivado/final_embedded/canny_ip.v:3]
	Parameter WIDTH bound to: 640 - type: integer 
INFO: [Synth 8-226] default block is never used [D:/workshop_vivado/final_embedded/canny_ip.v:182]
INFO: [Synth 8-6155] done synthesizing module 'canny_ip' (0#1) [D:/workshop_vivado/final_embedded/canny_ip.v:3]
INFO: [Synth 8-6155] done synthesizing module 'design_1_canny_ip_0_1' (0#1) [d:/workshop_vivado/final_embedded/design_1/ip/design_1_canny_ip_0_1/synth/design_1_canny_ip_0_1.v:53]
---------------------------------------------------------------------------------
Finished RTL Elaboration : Time (s): cpu = 00:00:06 ; elapsed = 00:00:07 . Memory (MB): peak = 1513.523 ; gain = 669.082
---------------------------------------------------------------------------------
---------------------------------------------------------------------------------
Start Handling Custom Attributes
---------------------------------------------------------------------------------
---------------------------------------------------------------------------------
Finished Handling Custom Attributes : Time (s): cpu = 00:00:06 ; elapsed = 00:00:07 . Memory (MB): peak = 1513.523 ; gain = 669.082
---------------------------------------------------------------------------------
---------------------------------------------------------------------------------
Finished RTL Optimization Phase 1 : Time (s): cpu = 00:00:06 ; elapsed = 00:00:07 . Memory (MB): peak = 1513.523 ; gain = 669.082
---------------------------------------------------------------------------------
Netlist sorting complete. Time (s): cpu = 00:00:00 ; elapsed = 00:00:00.007 . Memory (MB): peak = 1513.523 ; gain = 0.000
INFO: [Project 1-570] Preparing netlist for logic optimization

Processing XDC Constraints
Initializing timing engine
Completed Processing XDC Constraints

Netlist sorting complete. Time (s): cpu = 00:00:00 ; elapsed = 00:00:00 . Memory (MB): peak = 1564.262 ; gain = 0.000
INFO: [Project 1-111] Unisim Transformation Summary:
No Unisim elements were transformed.

Constraint Validation Runtime : Time (s): cpu = 00:00:00 ; elapsed = 00:00:00.032 . Memory (MB): peak = 1564.262 ; gain = 0.000
INFO: [Designutils 20-5008] Incremental synthesis strategy off
---------------------------------------------------------------------------------
Finished Constraint Validation : Time (s): cpu = 00:00:11 ; elapsed = 00:00:13 . Memory (MB): peak = 1564.262 ; gain = 719.820
---------------------------------------------------------------------------------
---------------------------------------------------------------------------------
Start Loading Part and Timing Information
---------------------------------------------------------------------------------
Loading part: xc7z020clg400-1
---------------------------------------------------------------------------------
Finished Loading Part and Timing Information : Time (s): cpu = 00:00:11 ; elapsed = 00:00:13 . Memory (MB): peak = 1564.262 ; gain = 719.820
---------------------------------------------------------------------------------
---------------------------------------------------------------------------------
Start Applying 'set_property' XDC Constraints
---------------------------------------------------------------------------------
---------------------------------------------------------------------------------
Finished applying 'set_property' XDC Constraints : Time (s): cpu = 00:00:11 ; elapsed = 00:00:13 . Memory (MB): peak = 1564.262 ; gain = 719.820
---------------------------------------------------------------------------------
---------------------------------------------------------------------------------
Finished RTL Optimization Phase 2 : Time (s): cpu = 00:00:12 ; elapsed = 00:00:13 . Memory (MB): peak = 1564.262 ; gain = 719.820
---------------------------------------------------------------------------------
No constraint files found.
---------------------------------------------------------------------------------
Start RTL Component Statistics 
---------------------------------------------------------------------------------
Detailed RTL Component Info : 
+---Adders : 
	   9 Input   32 Bit       Adders := 1     
	   7 Input   32 Bit       Adders := 2     
	   2 Input   32 Bit       Adders := 2     
	   2 Input   16 Bit       Adders := 1     
	   2 Input   10 Bit       Adders := 3     
+---XORs : 
	   2 Input      1 Bit         XORs := 1     
+---Registers : 
	               32 Bit    Registers := 3     
	               16 Bit    Registers := 9     
	                9 Bit    Registers := 9     
	                8 Bit    Registers := 14    
	                1 Bit    Registers := 3     
+---RAMs : 
	              10K Bit	(640 X 16 bit)          RAMs := 2     
	               5K Bit	(640 X 8 bit)          RAMs := 4     
+---Muxes : 
	   2 Input   32 Bit        Muxes := 2     
	   4 Input   16 Bit        Muxes := 1     
	   2 Input   16 Bit        Muxes := 4     
	   2 Input    2 Bit        Muxes := 5     
	   2 Input    1 Bit        Muxes := 1     
---------------------------------------------------------------------------------
Finished RTL Component Statistics 
---------------------------------------------------------------------------------
---------------------------------------------------------------------------------
Start Part Resource Summary
---------------------------------------------------------------------------------
Part Resources:
DSPs: 220 (col length:60)
BRAMs: 280 (col length: RAMB18 60 RAMB36 30)
---------------------------------------------------------------------------------
Finished Part Resource Summary
---------------------------------------------------------------------------------
No constraint files found.
---------------------------------------------------------------------------------
Start Cross Boundary and Area Optimization
---------------------------------------------------------------------------------
WARNING: [Synth 8-3936] Found unconnected internal register 'gauss_reg' and it is trimmed from '32' to '12' bits. [D:/workshop_vivado/final_embedded/canny_ip.v:71]
INFO: [Synth 8-3332] Sequential element (inst/gauss8[-1111111104]__0) is unused and will be removed from module design_1_canny_ip_0_1.
INFO: [Synth 8-3332] Sequential element (inst/gauss8[-1111111105]__0) is unused and will be removed from module design_1_canny_ip_0_1.
INFO: [Synth 8-3332] Sequential element (inst/gauss8[-1111111106]__0) is unused and will be removed from module design_1_canny_ip_0_1.
INFO: [Synth 8-3332] Sequential element (inst/gauss8[-1111111107]__0) is unused and will be removed from module design_1_canny_ip_0_1.
INFO: [Synth 8-3332] Sequential element (inst/gauss8[-1111111108]__0) is unused and will be removed from module design_1_canny_ip_0_1.
INFO: [Synth 8-3332] Sequential element (inst/gauss8[-1111111109]__0) is unused and will be removed from module design_1_canny_ip_0_1.
INFO: [Synth 8-3332] Sequential element (inst/gauss8[-1111111110]__0) is unused and will be removed from module design_1_canny_ip_0_1.
INFO: [Synth 8-3332] Sequential element (inst/gauss8[-1111111111]__0) is unused and will be removed from module design_1_canny_ip_0_1.
INFO: [Synth 8-3332] Sequential element (inst/gy5[-1111111104]__0) is unused and will be removed from module design_1_canny_ip_0_1.
INFO: [Synth 8-3332] Sequential element (inst/gy5[-1111111105]__0) is unused and will be removed from module design_1_canny_ip_0_1.
INFO: [Synth 8-3332] Sequential element (inst/gy5[-1111111106]__0) is unused and will be removed from module design_1_canny_ip_0_1.
INFO: [Synth 8-3332] Sequential element (inst/gy5[-1111111107]__0) is unused and will be removed from module design_1_canny_ip_0_1.
INFO: [Synth 8-3332] Sequential element (inst/gy5[-1111111108]__0) is unused and will be removed from module design_1_canny_ip_0_1.
INFO: [Synth 8-3332] Sequential element (inst/gy5[-1111111109]__0) is unused and will be removed from module design_1_canny_ip_0_1.
INFO: [Synth 8-3332] Sequential element (inst/gy5[-1111111110]__0) is unused and will be removed from module design_1_canny_ip_0_1.
INFO: [Synth 8-3332] Sequential element (inst/gy5[-1111111111]__0) is unused and will be removed from module design_1_canny_ip_0_1.
---------------------------------------------------------------------------------
Finished Cross Boundary and Area Optimization : Time (s): cpu = 00:00:15 ; elapsed = 00:00:17 . Memory (MB): peak = 1573.289 ; gain = 728.848
---------------------------------------------------------------------------------
---------------------------------------------------------------------------------
Start ROM, RAM, DSP, Shift Register and Retiming Reporting
---------------------------------------------------------------------------------

Block RAM: Preliminary Mapping Report (see note below)
+----------------------+---------------------+------------------------+---+---+------------------------+---+---+------------------+--------+--------+
|Module Name           | RTL Object          | PORT A (Depth x Width) | W | R | PORT B (Depth x Width) | W | R | Ports driving FF | RAMB18 | RAMB36 | 
+----------------------+---------------------+------------------------+---+---+------------------------+---+---+------------------+--------+--------+
|design_1_canny_ip_0_1 | inst/m_linebuf2_reg | 640 x 16(READ_FIRST)   | W | R |                        |   |   | Port A           | 1      | 0      | 
|design_1_canny_ip_0_1 | inst/linebuf2_reg   | 640 x 8(READ_FIRST)    | W | R |                        |   |   | Port A           | 1      | 0      | 
|design_1_canny_ip_0_1 | inst/g_linebuf2_reg | 640 x 8(READ_FIRST)    | W | R |                        |   |   | Port A           | 1      | 0      | 
+----------------------+---------------------+------------------------+---+---+------------------------+---+---+------------------+--------+--------+

Note: The table above is a preliminary report that shows the Block RAMs at the current stage of the synthesis flow. Some Block RAMs may be reimplemented as non Block RAM primitives later in the synthesis flow. Multiple instantiated Block RAMs are reported only once. 

Distributed RAM: Preliminary Mapping Report (see note below)
+----------------------+---------------------+-----------+----------------------+--------------------------------+
|Module Name           | RTL Object          | Inference | Size (Depth x Width) | Primitives                     | 
+----------------------+---------------------+-----------+----------------------+--------------------------------+
|design_1_canny_ip_0_1 | inst/linebuf1_reg   | Implied   | 1 K x 8              | RAM128X1S x 8 RAM256X1S x 16   | 
|design_1_canny_ip_0_1 | inst/g_linebuf1_reg | Implied   | 1 K x 8              | RAM128X1S x 8 RAM256X1S x 16   | 
|design_1_canny_ip_0_1 | inst/m_linebuf1_reg | Implied   | 1 K x 16             | RAM128X1S x 16 RAM256X1S x 32  | 
+----------------------+---------------------+-----------+----------------------+--------------------------------+

Note: The table above is a preliminary report that shows the Distributed RAMs at the current stage of the synthesis flow. Some Distributed RAMs may be reimplemented as non Distributed RAM primitives later in the synthesis flow. Multiple instantiated RAMs are reported only once.
---------------------------------------------------------------------------------
Finished ROM, RAM, DSP, Shift Register and Retiming Reporting
---------------------------------------------------------------------------------
No constraint files found.
---------------------------------------------------------------------------------
Start Timing Optimization
---------------------------------------------------------------------------------
---------------------------------------------------------------------------------
Finished Timing Optimization : Time (s): cpu = 00:00:15 ; elapsed = 00:00:17 . Memory (MB): peak = 1573.289 ; gain = 728.848
---------------------------------------------------------------------------------
---------------------------------------------------------------------------------
Start ROM, RAM, DSP, Shift Register and Retiming Reporting
---------------------------------------------------------------------------------

Block RAM: Final Mapping Report
+----------------------+---------------------+------------------------+---+---+------------------------+---+---+------------------+--------+--------+
|Module Name           | RTL Object          | PORT A (Depth x Width) | W | R | PORT B (Depth x Width) | W | R | Ports driving FF | RAMB18 | RAMB36 | 
+----------------------+---------------------+------------------------+---+---+------------------------+---+---+------------------+--------+--------+
|design_1_canny_ip_0_1 | inst/m_linebuf2_reg | 640 x 16(READ_FIRST)   | W | R |                        |   |   | Port A           | 1      | 0      | 
|design_1_canny_ip_0_1 | inst/linebuf2_reg   | 640 x 8(READ_FIRST)    | W | R |                        |   |   | Port A           | 1      | 0      | 
|design_1_canny_ip_0_1 | inst/g_linebuf2_reg | 640 x 8(READ_FIRST)    | W | R |                        |   |   | Port A           | 1      | 0      | 
+----------------------+---------------------+------------------------+---+---+------------------------+---+---+------------------+--------+--------+


Distributed RAM: Final Mapping Report
+----------------------+---------------------+-----------+----------------------+--------------------------------+
|Module Name           | RTL Object          | Inference | Size (Depth x Width) | Primitives                     | 
+----------------------+---------------------+-----------+----------------------+--------------------------------+
|design_1_canny_ip_0_1 | inst/linebuf1_reg   | Implied   | 1 K x 8              | RAM128X1S x 8 RAM256X1S x 16   | 
|design_1_canny_ip_0_1 | inst/g_linebuf1_reg | Implied   | 1 K x 8              | RAM128X1S x 8 RAM256X1S x 16   | 
|design_1_canny_ip_0_1 | inst/m_linebuf1_reg | Implied   | 1 K x 16             | RAM128X1S x 16 RAM256X1S x 32  | 
+----------------------+---------------------+-----------+----------------------+--------------------------------+

---------------------------------------------------------------------------------
Finished ROM, RAM, DSP, Shift Register and Retiming Reporting
---------------------------------------------------------------------------------
---------------------------------------------------------------------------------
Start Technology Mapping
---------------------------------------------------------------------------------
INFO: [Synth 8-7052] The timing for the instance inst/m_linebuf2_reg (implemented as a Block RAM) might be sub-optimal as no optional output register could be merged into the ram block. Providing additional output register may help in improving timing.
INFO: [Synth 8-7052] The timing for the instance inst/linebuf2_reg (implemented as a Block RAM) might be sub-optimal as no optional output register could be merged into the ram block. Providing additional output register may help in improving timing.
INFO: [Synth 8-7052] The timing for the instance inst/g_linebuf2_reg (implemented as a Block RAM) might be sub-optimal as no optional output register could be merged into the ram block. Providing additional output register may help in improving timing.
---------------------------------------------------------------------------------
Finished Technology Mapping : Time (s): cpu = 00:00:15 ; elapsed = 00:00:17 . Memory (MB): peak = 1573.289 ; gain = 728.848
---------------------------------------------------------------------------------
---------------------------------------------------------------------------------
Start IO Insertion
---------------------------------------------------------------------------------
---------------------------------------------------------------------------------
Start Flattening Before IO Insertion
---------------------------------------------------------------------------------
---------------------------------------------------------------------------------
Finished Flattening Before IO Insertion
---------------------------------------------------------------------------------
---------------------------------------------------------------------------------
Start Final Netlist Cleanup
---------------------------------------------------------------------------------
---------------------------------------------------------------------------------
Finished Final Netlist Cleanup
---------------------------------------------------------------------------------
---------------------------------------------------------------------------------
Finished IO Insertion : Time (s): cpu = 00:00:18 ; elapsed = 00:00:20 . Memory (MB): peak = 1794.121 ; gain = 949.680
---------------------------------------------------------------------------------
---------------------------------------------------------------------------------
Start Renaming Generated Instances
---------------------------------------------------------------------------------
---------------------------------------------------------------------------------
Finished Renaming Generated Instances : Time (s): cpu = 00:00:18 ; elapsed = 00:00:20 . Memory (MB): peak = 1794.121 ; gain = 949.680
---------------------------------------------------------------------------------
---------------------------------------------------------------------------------
Start Rebuilding User Hierarchy
---------------------------------------------------------------------------------
---------------------------------------------------------------------------------
Finished Rebuilding User Hierarchy : Time (s): cpu = 00:00:18 ; elapsed = 00:00:20 . Memory (MB): peak = 1794.121 ; gain = 949.680
---------------------------------------------------------------------------------
---------------------------------------------------------------------------------
Start Renaming Generated Ports
---------------------------------------------------------------------------------
---------------------------------------------------------------------------------
Finished Renaming Generated Ports : Time (s): cpu = 00:00:18 ; elapsed = 00:00:20 . Memory (MB): peak = 1794.121 ; gain = 949.680
---------------------------------------------------------------------------------
---------------------------------------------------------------------------------
Start Handling Custom Attributes
---------------------------------------------------------------------------------
---------------------------------------------------------------------------------
Finished Handling Custom Attributes : Time (s): cpu = 00:00:18 ; elapsed = 00:00:20 . Memory (MB): peak = 1794.137 ; gain = 949.695
---------------------------------------------------------------------------------
---------------------------------------------------------------------------------
Start Renaming Generated Nets
---------------------------------------------------------------------------------
---------------------------------------------------------------------------------
Finished Renaming Generated Nets : Time (s): cpu = 00:00:18 ; elapsed = 00:00:20 . Memory (MB): peak = 1794.137 ; gain = 949.695
---------------------------------------------------------------------------------
---------------------------------------------------------------------------------
Start Writing Synthesis Report
---------------------------------------------------------------------------------

Report BlackBoxes: 
+-+--------------+----------+
| |BlackBox name |Instances |
+-+--------------+----------+
+-+--------------+----------+

Report Cell Usage: 
+------+----------+------+
|      |Cell      |Count |
+------+----------+------+
|1     |CARRY4    |    74|
|2     |LUT1      |    69|
|3     |LUT2      |    22|
|4     |LUT3      |    94|
|5     |LUT4      |   197|
|6     |LUT5      |    53|
|7     |LUT6      |   190|
|8     |RAM128X1S |    32|
|9     |RAM256X1S |    64|
|10    |RAMB18E1  |     3|
|11    |FDRE      |   324|
+------+----------+------+
---------------------------------------------------------------------------------
Finished Writing Synthesis Report : Time (s): cpu = 00:00:18 ; elapsed = 00:00:20 . Memory (MB): peak = 1794.137 ; gain = 949.695
---------------------------------------------------------------------------------
Synthesis finished with 0 errors, 0 critical warnings and 1 warnings.
Synthesis Optimization Runtime : Time (s): cpu = 00:00:11 ; elapsed = 00:00:18 . Memory (MB): peak = 1794.137 ; gain = 898.957
Synthesis Optimization Complete : Time (s): cpu = 00:00:18 ; elapsed = 00:00:20 . Memory (MB): peak = 1794.137 ; gain = 949.695
INFO: [Project 1-571] Translating synthesized netlist
Netlist sorting complete. Time (s): cpu = 00:00:00 ; elapsed = 00:00:00.005 . Memory (MB): peak = 1806.184 ; gain = 0.000
INFO: [Netlist 29-17] Analyzing 173 Unisim elements for replacement
INFO: [Netlist 29-28] Unisim Transformation completed in 0 CPU seconds
WARNING: [Netlist 29-101] Netlist 'design_1_canny_ip_0_1' is not ideal for floorplanning, since the cellview 'canny_ip' contains a large number of primitives.  Please consider enabling hierarchy in synthesis if you want to do floorplanning.
INFO: [Project 1-570] Preparing netlist for logic optimization
INFO: [Opt 31-138] Pushed 0 inverter(s) to 0 load pin(s).
Netlist sorting complete. Time (s): cpu = 00:00:00 ; elapsed = 00:00:00.001 . Memory (MB): peak = 1904.988 ; gain = 0.000
INFO: [Project 1-111] Unisim Transformation Summary:
  A total of 96 instances were transformed.
  RAM128X1S => RAM128X1S (MUXF7, RAMS64E(x2)): 32 instances
  RAM256X1S => RAM256X1S (MUXF7(x2), MUXF8, RAMS64E(x4)): 64 instances

Synth Design complete | Checksum: e4581f14
INFO: [Common 17-83] Releasing license: Synthesis
42 Infos, 4 Warnings, 0 Critical Warnings and 0 Errors encountered.
synth_design completed successfully
synth_design: Time (s): cpu = 00:00:21 ; elapsed = 00:00:43 . Memory (MB): peak = 1904.988 ; gain = 1286.648
Write ShapeDB Complete: Time (s): cpu = 00:00:00 ; elapsed = 00:00:00.003 . Memory (MB): peak = 1904.988 ; gain = 0.000
INFO: [Common 17-1381] The checkpoint 'D:/workshop_vivado/final_embedded/final_embedded.runs/design_1_canny_ip_0_1_synth_1/design_1_canny_ip_0_1.dcp' has been generated.
INFO: [Vivado 12-24828] Executing command : report_utilization -file design_1_canny_ip_0_1_utilization_synth.rpt -pb design_1_canny_ip_0_1_utilization_synth.pb
INFO: [Common 17-206] Exiting Vivado at Sat May  2 10:14:58 2026...
